// Jest Snapshot v1, https://goo.gl/fbAQLP

exports[`ignores files that don't match a single passed extension 1`] = `undefined`;

exports[`ignores files that don't match multiple passed extension 1`] = `undefined`;

exports[`ignores files that don't match the default extensions 1`] = `undefined`;

exports[`works when passed a single extension other than the default 1`] = `
Object {
  "code": "<article><h1>This is some basic Markdoc</h1><p>With a paragraph.</p><p>Some text <strong>in bold</strong> and <em>in italic</em>.</p><p>And a <a href=\\"https://example.com\\">link</a>.</p><p>And even a table with a nested list:</p><table><thead><tr><th>Heading 1</th><th>Heading 2</th></tr></thead><tbody><tr><td><ul><li>Row 1 Cell 1 Item 1</li><li>Row 1 Cell 1 Item 2</li></ul></td><td>Row 1 Cell 2</td></tr><tr><td>Row 2 Cell 1</td><td>Row 2 cell 2</td></tr></tbody></table></article>",
  "data": Object {},
}
`;

exports[`works when passed multiple extensions 1`] = `
Object {
  "code": "<article><h1>This is some basic Markdoc</h1><p>With a paragraph.</p><p>Some text <strong>in bold</strong> and <em>in italic</em>.</p><p>And a <a href=\\"https://example.com\\">link</a>.</p><p>And even a table with a nested list:</p><table><thead><tr><th>Heading 1</th><th>Heading 2</th></tr></thead><tbody><tr><td><ul><li>Row 1 Cell 1 Item 1</li><li>Row 1 Cell 1 Item 2</li></ul></td><td>Row 1 Cell 2</td></tr><tr><td>Row 2 Cell 1</td><td>Row 2 cell 2</td></tr></tbody></table></article>",
  "data": Object {},
}
`;

exports[`works when passed the default extension 1`] = `
Object {
  "code": "<article><h1>This is some basic Markdoc</h1><p>With a paragraph.</p><p>Some text <strong>in bold</strong> and <em>in italic</em>.</p><p>And a <a href=\\"https://example.com\\">link</a>.</p><p>And even a table with a nested list:</p><table><thead><tr><th>Heading 1</th><th>Heading 2</th></tr></thead><tbody><tr><td><ul><li>Row 1 Cell 1 Item 1</li><li>Row 1 Cell 1 Item 2</li></ul></td><td>Row 1 Cell 2</td></tr><tr><td>Row 2 Cell 1</td><td>Row 2 cell 2</td></tr></tbody></table></article>",
  "data": Object {},
}
`;

exports[`works with no extension passed 1`] = `
Object {
  "code": "<article><h1>This is some basic Markdoc</h1><p>With a paragraph.</p><p>Some text <strong>in bold</strong> and <em>in italic</em>.</p><p>And a <a href=\\"https://example.com\\">link</a>.</p><p>And even a table with a nested list:</p><table><thead><tr><th>Heading 1</th><th>Heading 2</th></tr></thead><tbody><tr><td><ul><li>Row 1 Cell 1 Item 1</li><li>Row 1 Cell 1 Item 2</li></ul></td><td>Row 1 Cell 2</td></tr><tr><td>Row 2 Cell 1</td><td>Row 2 cell 2</td></tr></tbody></table></article>",
  "data": Object {},
}
`;
