// Jest Snapshot v1, https://goo.gl/fbAQLP

exports[`processes correctly when nodes passed directly and tags with schema path 1`] = `
{
  "code": "<article><h1 level="1" id="this-is-some-basic-markdoc">This is some basic Markdoc</h1><p>With a paragraph.</p><p>Some text <strong>in bold</strong> and <em>in italic</em>.</p><p>And a <Link href="https://example.com" rel="noopener" class="font-semibold">link</Link>.</p><h2 level="2" id="more-fancy-stuff">More fancy stuff</h2><p>Some <code>&lt;p&gt;</code> inline code.</p><p>And a code block:</p><pre data-language="javascript"><code>&lcub;&lcub;% test %&rcub;&rcub;</code></pre><p>And even a table with a nested list:</p><table><thead><tr><th>Table header 1</th><th>Table header 2</th></tr></thead><tbody><tr><td><ul><li>Row 1 Cell 1 Item 1</li><li>Row 1 Cell 1 Item 2</li></ul></td><td>Row 1 Cell 2</td></tr><tr><td>Row 2 Cell 1</td><td>Row 2 cell 2</td></tr></tbody></table><Button text="Hello world"></Button></article>",
  "data": {},
}
`;

exports[`processes correctly when tags passed directly and nodes with schema path 1`] = `
{
  "code": "<article><h1 level="1" id="this-is-some-basic-markdoc">This is some basic Markdoc</h1><p>With a paragraph.</p><p>Some text <strong>in bold</strong> and <em>in italic</em>.</p><p>And a <Link href="https://example.com" rel="noopener" class="font-semibold">link</Link>.</p><h2 level="2" id="more-fancy-stuff">More fancy stuff</h2><p>Some <code>&lt;p&gt;</code> inline code.</p><p>And a code block:</p><pre data-language="javascript"><code>&lcub;&lcub;% test %&rcub;&rcub;</code></pre><p>And even a table with a nested list:</p><table><thead><tr><th>Table header 1</th><th>Table header 2</th></tr></thead><tbody><tr><td><ul><li>Row 1 Cell 1 Item 1</li><li>Row 1 Cell 1 Item 2</li></ul></td><td>Row 1 Cell 2</td></tr><tr><td>Row 2 Cell 1</td><td>Row 2 cell 2</td></tr></tbody></table><Button text="Hello world"></Button></article>",
  "data": {},
}
`;
